0d
71
01
58
2b
9f
3d
d3
08
b9
7a
8b
1b
17
3d
f7
72
73
80
ab
8c
c2
86
0f
bb
19
dd
8d
be
32
eb
fb
47
2a
29
7f
40
4c
f5
1d
