f3
71
e3
32
0a
ad
58
01
90
4c
54
14
d1
7a
b1
b8
6d
45
eb
e8
40
2c
23
29
75
2a
ad
a2
22
d6
36
07
66
75
88
e6
5f
79
b9
cb
