34
83
9e
b3
63
ce
b3
63
34
9c
79
22
9a
3d
cb
7c
ee
41
bd
72
4d
39
f6
66
2f
44
ad
c0
a3
e7
f1
a4
3c
6f
64
bd
54
8a
50
a6
