ed
c8
58
76
d2
cc
95
30
df
10
b1
51
06
30
87
7b
c8
ba
5f
5b
4e
d7
ef
a7
94
6b
73
73
a6
b1
37
ac
22
a0
f3
f3
ef
f9
16
18
