20
df
41
b3
e7
c4
0c
e4
8e
75
8a
70
91
87
3b
cf
52
b5
c7
d8
18
a0
26
51
da
56
c9
ce
71
bf
77
34
05
c4
93
56
9d
9a
cb
c8
