d1
5c
3f
3b
ee
39
fe
b0
92
d1
5b
af
bf
b5
31
d2
8b
e8
74
07
db
9d
8b
07
bf
6e
9c
84
97
53
9a
22
8f
9f
f2
73
bd
bd
a9
71
