3b
91
52
81
8d
52
e2
ee
ef
40
bc
75
25
16
08
e2
be
d2
a6
99
8d
19
d9
40
72
ad
57
33
45
d2
c3
b2
67
cd
8e
aa
f9
1a
02
6d
