c9
74
4f
99
93
69
5b
14
28
bd
89
57
6b
e2
9b
9b
86
05
5b
72
75
1b
e7
5f
9d
a3
57
1a
35
fd
bb
a5
cb
a7
4b
f4
7a
d0
e0
0c
