62
f4
97
c7
2e
4c
76
c4
e9
ea
28
de
ae
b4
3c
42
ab
40
da
a2
e2
98
7e
7e
07
4b
32
f9
63
4f
86
ff
28
c5
16
b8
00
3c
ed
a5
