c4
f6
96
15
95
bb
53
20
86
28
65
56
94
2a
65
f6
4e
f5
01
c2
93
e4
f6
b1
52
52
c4
d4
af
e2
f7
93
75
94
06
1f
30
30
32
a1
25
14
66
2d
05
15
45
