c7
2b
33
69
7a
20
da
9a
d8
47
b0
21
fd
ee
35
43
24
cf
c0
55
27
ae
b8
63
e3
e2
58
65
2f
98
bd
1e
ef
ee
