72
28
9b
27
95
aa
ae
b7
6b
ce
43
9d
27
7b
3c
dd
a1
f1
25
88
36
1b
b8
55
21
ee
20
95
88
1e
10
00
35
83
f8
c1
66
ae
53
a4
8b
f7
