27
15
08
a4
e9
e8
d9
ca
fd
61
1f
1e
73
e9
be
3b
96
6b
6f
81
a0
98
31
0d
e6
9b
