46
8a
d4
e0
e4
98
f3
37
08
61
3e
e2
e2
f2
c6
97
54
29
ba
57
00
38
78
