70
ec
f7
4c
96
22
94
00
99
3d
5d
96
48
fe
33
67
7c
90
6c
69
9e
c5
9d
96
da
5a
f9
46
03
d4
d5
7f
28
dc
81
1a
30
21
49
39
5e
f6
45
9a
49
13
ac
