9f
11
eb
79
39
90
a4
19
0d
7f
4a
f4
b6
db
93
c4
e2
bf
7a
b7
7e
73
b1
08
67
3e
3a
02
e3
54
43
72
80
9e
78
49
4d
24
9c
cc
c8
