89
26
79
96
05
cd
74
e7
37
75
10
6d
f1
65
33
4c
bb
59
e2
d9
4c
b9
2d
22
3d
e9
00
76
bc
a1
56
49
6b
42
8a
a4
dc
16
b3
2b
40
0a
93
