d1
94
40
44
dc
a7
32
36
a6
7d
34
79
5a
12
00
76
9c
35
3e
77
04
24
64
b8
cc
95
52
da
d5
bd
2e
a6
75
15
42
87
80
71
f5
53
dc
85
3d
b6
18
11
21
1f
