f6
09
8f
d9
5d
3e
34
83
27
85
a8
82
76
bd
b7
74
5f
d2
85
3a
f4
54
b7
1f
38
bd
c1
3d
72
8d
f2
17
34
3b
2d
5d
32
6d
