4f
f3
2d
52
ec
c7
c1
28
80
5e
55
2a
ef
17
a0
37
b3
62
6a
9d
f8
44
69
b0
39
9c
ee
9b
1a
b6
07
81
9a
71
f8
93
d0
df
e9
49
39
b4
