2a
a9
bc
13
97
dc
c9
26
d3
32
fe
fb
5d
1d
60
3c
47
b1
40
9b
9c
e7
b6
4c
6b
ba
dc
f8
a1
81
cc
f6
71
52
