ee
f1
87
7a
f8
4f
f0
a8
3a
22
29
a2
d4
50
66
88
fd
89
cc
cd
