04
6d
91
ec
f6
a6
a0
92
6b
a6
82
a5
96
eb
9e
8d
f8
b1
4a
de
ad
73
