c4
1e
90
a1
7d
83
c9
36
05
1b
3c
fc
de
b3
44
3b
b2
f1
53
e3
18
ef
