13
41
6c
71
3d
5f
4b
c6
09
af
da
39
35
77
38
30
55
e0
5d
09
6a
ec
d4
26
