fd
c4
0a
24
d7
ec
8a
ab
30
54
8f
b9
fa
18
eb
3e
36
b9
be
30
be
18
e0
d9
7c
17
0e
bb
b9
35
73
fe
64
34
b3
fa
61
3d
07
96
ad
2b
51
8c
8f
60
