4f
1e
57
7a
2c
ad
96
42
1f
66
5a
ad
d2
de
42
c1
84
e8
5b
21
d1
54
b0
c0
92
60
7a
b3
a0
45
4c
ca
52
18
b1
18
