5c
98
cf
b7
64
73
2c
d3
61
d1
30
0a
ad
34
45
97
65
2c
0d
ff
81
94
78
d4
37
55
25
de
21
4d
36
3c
79
75
