b5
a5
11
d9
ea
a4
c8
f5
21
4c
eb
ed
90
35
dd
33
84
95
c9
ac
c4
08
c8
90
