1f
05
c3
12
4b
38
2c
7f
ce
dc
46
ee
21
b1
70
f1
cf
