b0
4e
e1
76
0f
ee
53
ec
65
fb
85
e8
dd
a7
0b
cc
04
db
fd
91
4a
9b
f7
b5
