d2
5a
f1
9e
d9
69
f1
5a
4a
73
a0
92
49
0e
f3
ea
50
39
57
ee
35
e9
ac
65
03
3a
f4
49
ea
10
82
db
04
e3
57
9d
58
82
5b
f4
d3
f2
ed
4a
0a
59
fd
37
