fc
45
29
04
19
bc
64
6a
0b
f7
a2
8b
96
bb
96
a6
2f
61
41
ef
b0
68
f2
23
f3
0e
10
c2
c1
04
92
a3
a9
5c
d2
2a
30
7e
09
ac
2f
e0
e0
d4
3b
29
