ad
2f
b2
60
39
9f
d5
42
28
61
fc
c9
dd
c9
37
85
e0
cc
db
8c
26
4e
ed
a4
23
b0
8c
67
da
8c
33
e1
8f
18
cb
b3
7f
74
72
98
af
45
49
d7
aa
bb
ae
6a
28
