5e
f8
3b
a0
5a
82
d9
23
2f
18
7f
28
b7
b8
4b
1c
db
f1
f3
90
ee
b9
dc
8a
3c
64
1c
