74
a7
b6
45
c9
0f
71
ed
76
60
e3
8f
1e
c8
21
42
91
05
dd
65
4b
26
d1
73
35
06
93
cc
c9
88
96
c4
3e
