f8
00
fb
6e
ed
a9
d1
e9
0d
7f
f8
0d
1d
c4
9e
0b
52
89
47
ea
ab
8a
bf
f6
7c
15
eb
1f
68
fb
48
7e
a2
08
ca
27
