f4
e7
6c
09
09
ee
41
5f
54
72
7c
2a
09
b3
d5
cb
cf
07
40
27
01
dc
98
09
2e
37
5e
5b
eb
e8
d8
f3
05
b5
a2
b0
d6
10
a9
bd
57
a1
57
90
26
cb
51
40
