b7
17
87
8c
11
07
d3
a4
df
69
90
98
56
6c
35
fc
8c
62
85
06
19
f2
cd
63
bc
0a
55
11
06
7a
4f
a9
7a
68
9d
18
