a9
28
0d
da
ab
0e
a4
18
a6
d9
6d
97
de
9a
8e
c9
bd
90
af
2a
48
6d
85
4f
13
