fa
9c
be
45
bb
d6
7b
58
d5
6f
d8
c8
d5
96
f4
bd
27
2d
0a
37
7e
2b
cd
3b
dc
a4
34
a6
ef
76
f5
37
5e
e3
65
f5
c3
14
4c
ab
