e3
c4
70
fe
51
36
bd
3e
1b
ae
90
81
cd
99
ee
a5
6d
35
6c
49
b5
33
cf
b1
ed
f9
8f
b6
12
1c
8e
60
1a
1c
b1
28
62
26
1a
89
