ff
85
70
52
ce
da
60
9b
f5
06
0d
aa
c0
d7
51
02
19
73
16
8e
67
35
70
c3
85
a8
99
f9
8f
9a
76
1e
b7
c9
22
15
f5
ac
05
da
