1d
c1
23
ad
00
f6
c2
94
b1
24
cf
8d
61
4d
40
b2
4e
50
76
4b
b1
bf
41
24
ee
c5
59
0c
ad
cd
f3
1d
4e
2b
ba
2e
8a
c3
e6
0e
