fc
7d
99
67
00
9a
70
bc
04
ff
70
4f
f0
5e
a0
25
b9
00
3c
56
87
d4
d7
ce
2c
8e
32
65
1b
1c
33
b5
f7
3b
98
82
3e
fe
cf
d4
