e4
99
63
9d
50
6f
49
d0
67
63
db
a7
0e
c1
5e
e5
cc
3b
7c
99
7d
ae
39
9b
e0
39
62
85
9a
d3
1f
7f
7e
89
82
18
10
d4
fd
39
