75
38
7d
5c
3b
a6
67
35
1a
24
72
83
dc
e6
a4
02
01
a0
2a
67
93
dd
48
10
47
1a
a4
67
41
b2
b8
d9
02
ec
7d
2d
71
33
a0
3b
