04
00
2f
61
29
d8
f3
d0
59
b3
bd
e5
7a
f4
ca
22
c9
b9
50
ac
ea
75
da
8d
ed
04
37
3b
eb
ea
2c
18
0a
a5
a1
50
cd
97
60
be
