e5
39
92
10
69
e2
e4
2b
bf
c3
82
10
5c
8c
21
1e
ac
a1
9e
50
59
24
6b
4c
0c
71
59
6e
2e
f0
8d
b5
2b
3e
cf
3d
e7
4a
b0
d9
