a8
78
51
5d
be
59
9b
cc
99
a4
81
3f
63
62
dd
8c
b1
d8
c7
09
c9
25
f7
ad
df
b3
70
a7
de
b9
ec
9a
c2
08
04
6f
2f
cc
3b
b9
